Microchip MPLAB XC8 Compiler V2.05 ()

Linker command line:

-W-3 --edf=C:\Program Files (x86)\Microchip\xc8\v2.05\pic\dat\en_msgs.txt \
  -cs -h+dist/default/production\IOInterface.X.production.sym \
  --cmf=dist/default/production\IOInterface.X.production.cmf -z -Q16F1827 \
  -oC:\Users\seeke\AppData\Local\Temp\s3s0.2 --defsym=__MPLAB_BUILD=1 \
  -Mdist/default/production/IOInterface.X.production.map -E1 -ver=XC8 \
  --acfsm=1493 -ASTACK=02081h-020C8h -pstack=STACK -ACODE=00h-07FFhx2 \
  -ASTRCODE=00h-0FFFh -ASTRING=00h-0FFhx16 -ACONST=00h-0FFhx16 \
  -AENTRY=00h-0FFhx16 -ACOMMON=070h-07Fh -ABANK0=020h-06Fh \
  -ABANK1=0A0h-0EFh -ABANK2=0120h-016Fh -ABANK3=01A0h-01EFh \
  -ABANK4=0220h-024Fh -ABIGRAM=02000h-0216Fh \
  -ARAM=020h-06Fh,0A0h-0EFh,0120h-016Fh,01A0h-01EFh,0220h-024Fh \
  -AABS1=020h-07Fh,0A0h-0EFh,0120h-016Fh,01A0h-01EFh,0220h-024Fh \
  -ASFR0=00h-01Fh -ASFR1=080h-09Fh -ASFR2=0100h-011Fh -ASFR3=0180h-019Fh \
  -ASFR4=0200h-021Fh -ASFR5=0280h-02EFh -ASFR6=0300h-036Fh \
  -ASFR7=0380h-03EFh -ASFR8=0400h-046Fh -ASFR9=0480h-04EFh \
  -ASFR10=0500h-056Fh -ASFR11=0580h-05EFh -ASFR12=0600h-066Fh \
  -ASFR13=0680h-06EFh -ASFR14=0700h-076Fh -ASFR15=0780h-07EFh \
  -ASFR16=0800h-086Fh -ASFR17=0880h-08EFh -ASFR18=0900h-096Fh \
  -ASFR19=0980h-09EFh -ASFR20=0A00h-0A6Fh -ASFR21=0A80h-0AEFh \
  -ASFR22=0B00h-0B6Fh -ASFR23=0B80h-0BEFh -ASFR24=0C00h-0C6Fh \
  -ASFR25=0C80h-0CEFh -ASFR26=0D00h-0D6Fh -ASFR27=0D80h-0DEFh \
  -ASFR28=0E00h-0E6Fh -ASFR29=0E80h-0EEFh -ASFR30=0F00h-0F6Fh \
  -ASFR31=0F80h-0FEFh -preset_vec=00h,intentry=04h,init,end_init \
  -ppowerup=CODE -pcinit=CODE -pfunctab=ENTRY -ACONFIG=08007h-08008h \
  -pconfig=CONFIG -DCONFIG=2 -AIDLOC=08000h-08003h -pidloc=IDLOC -DIDLOC=2 \
  -AEEDATA=00h-0FFh/0F000h -peeprom_data=EEDATA -DEEDATA=2 -DCODE=2 \
  -DSTRCODE=2 -DSTRING=2 -DCONST=2 -DENTRY=2 -k \
  C:\Users\seeke\AppData\Local\Temp\s3s0.o \
  dist/default/production\IOInterface.X.production.o 

Object code version is 3.11

Machine type is 16F1827



                Name                               Link     Load   Length Selector   Space Scale
C:\Users\seeke\AppData\Local\Temp\s3s0.o
                end_init                              D        D        2        8       0
                reset_vec                             0        0        2        0       0
                config                             8007     8007        2    1000E       0
dist/default/production\IOInterface.X.production.o
                cinit                                 F        F       2C        8       0
                intentry                              4        4        9        8       0
                text47                              521      521       99        8       0
                text46                              C61      C61        E     18C2       0
                text45                              C54      C54        D     18A8       0
                text44                              466      466       BB        8       0
                text43                               3B       3B      1C4        8       0
                text42                                3        3        1        6       0
                text41                              E22      E22       30     1C44       0
                text40                              DF3      DF3       2F     1BE6       0
                text39                              FBB      FBB       45     1F76       0
                text38                              2DD      2DD       CD        8       0
                text37                              C06      C06        7     180C       0
                text36                              C1B      C1B        8     1836       0
                text35                              EFB      EFB       3E     1DF6       0
                text34                              DC7      DC7       2C     1B8E       0
                text32                              C8F      C8F       15     191E       0
                text31                              D76      D76       26     1AEC       0
                text30                              3AA      3AA       BC        8       0
                text29                              E52      E52       37     1CA4       0
                text28                              C23      C23        8     1846       0
                text27                              CD6      CD6       1D     19AC       0
                text26                              C33      C33        A     1866       0
                text25                              C0D      C0D        7     181A       0
                text24                              C6F      C6F        E     18DE       0
                text23                              C3D      C3D        B     187A       0
                text22                              79F      79F       45        8       0
                text21                              C14      C14        7     1828       0
                text20                              C2B      C2B        8     1856       0
                text19                              CBC      CBC       1A     1978       0
                text18                              D12      D12       21     1A24       0
                text17                              CA4      CA4       18     1948       0
                text16                              759      759       46        8       0
                text15                              6CA      6CA       49        8       0
                text14                              7E4      7E4       1C        8       0
                text13                              C7D      C7D       12     18FA       0
                text12                              678      678       52        8       0
                text11                              713      713       46        8       0
                text10                              CF3      CF3       1F     19E6       0
                text9                               D54      D54       22     1AA8       0
                text8                               D9C      D9C       2B     1B38       0
                text7                               F79      F79       42     1EF2       0
                text6                               625      625       53        8       0
                text5                               EC1      EC1       3A     1D82       0
                text4                               E89      E89       38     1D12       0
                text3                               D33      D33       21     1A66       0
                text2                               5BA      5BA       6B        8       0
                text1                               F39      F39       40     1E72       0
                maintext                            1FF      1FF       DE        8       0
                cstackBANK0                          20       20       31       20       1
                cstackCOMMON                         70       70        E       70       1
                cstackBANK1                          A0       A0       2D       A0       1
                clrtext                             C48      C48        C     1890       0
                bssBANK1                             CD       CD        4       A0       1
                dataBANK0                            5A       5A        4       20       1
                bssBANK0                             51       51        9       20       1
                idataBANK0                          C02      C02        4     1804       0

TOTAL           Name                               Link     Load   Length     Space
        CLASS   STACK          

        CLASS   CODE           
                end_init                              D        D        2         0
                cinit                                 F        F       2C         0
                intentry                              4        4        9         0
                reset_vec                             0        0        2         0
                text47                              521      521       99         0
                text46                              C61      C61        E         0
                text45                              C54      C54        D         0
                text44                              466      466       BB         0
                text43                               3B       3B      1C4         0
                text42                                3        3        1         0
                text41                              E22      E22       30         0
                text40                              DF3      DF3       2F         0
                text39                              FBB      FBB       45         0
                text38                              2DD      2DD       CD         0
                text37                              C06      C06        7         0
                text36                              C1B      C1B        8         0
                text35                              EFB      EFB       3E         0
                text34                              DC7      DC7       2C         0
                text32                              C8F      C8F       15         0
                text31                              D76      D76       26         0
                text30                              3AA      3AA       BC         0
                text29                              E52      E52       37         0
                text28                              C23      C23        8         0
                text27                              CD6      CD6       1D         0
                text26                              C33      C33        A         0
                text25                              C0D      C0D        7         0
                text24                              C6F      C6F        E         0
                text23                              C3D      C3D        B         0
                text22                              79F      79F       45         0
                text21                              C14      C14        7         0
                text20                              C2B      C2B        8         0
                text19                              CBC      CBC       1A         0
                text18                              D12      D12       21         0
                text17                              CA4      CA4       18         0
                text16                              759      759       46         0
                text15                              6CA      6CA       49         0
                text14                              7E4      7E4       1C         0
                text13                              C7D      C7D       12         0
                text12                              678      678       52         0
                text11                              713      713       46         0
                text10                              CF3      CF3       1F         0
                text9                               D54      D54       22         0
                text8                               D9C      D9C       2B         0
                text7                               F79      F79       42         0
                text6                               625      625       53         0
                text5                               EC1      EC1       3A         0
                text4                               E89      E89       38         0
                text3                               D33      D33       21         0
                text2                               5BA      5BA       6B         0
                text1                               F39      F39       40         0
                maintext                            1FF      1FF       DE         0
                clrtext                             C48      C48        C         0
                idataBANK0                          C02      C02        4         0

        CLASS   STRCODE        

        CLASS   STRING         

        CLASS   CONST          

        CLASS   ENTRY          

        CLASS   COMMON         
                cstackCOMMON                         70       70        E         1

        CLASS   BANK0          
                cstackBANK0                          20       20       31         1
                dataBANK0                            5A       5A        4         1
                bssBANK0                             51       51        9         1

        CLASS   BANK1          
                cstackBANK1                          A0       A0       2D         1
                bssBANK1                             CD       CD        4         1

        CLASS   BANK2          

        CLASS   BANK3          

        CLASS   BANK4          

        CLASS   BIGRAM         

        CLASS   RAM            

        CLASS   ABS1           
                abs_s1                               7E       7E        2         1
                abs_s1                              149      149       27         1
                abs_s1                              1A0      1A0       50         1
                abs_s1                              220      220       30         1
                abs_s1                             20C9     20C9        0         1

        CLASS   SFR0           

        CLASS   SFR1           

        CLASS   SFR2           

        CLASS   SFR3           

        CLASS   SFR4           

        CLASS   SFR5           

        CLASS   SFR6           

        CLASS   SFR7           

        CLASS   SFR8           

        CLASS   SFR9           

        CLASS   SFR10          

        CLASS   SFR11          

        CLASS   SFR12          

        CLASS   SFR13          

        CLASS   SFR14          

        CLASS   SFR15          

        CLASS   SFR16          

        CLASS   SFR17          

        CLASS   SFR18          

        CLASS   SFR19          

        CLASS   SFR20          

        CLASS   SFR21          

        CLASS   SFR22          

        CLASS   SFR23          

        CLASS   SFR24          

        CLASS   SFR25          

        CLASS   SFR26          

        CLASS   SFR27          

        CLASS   SFR28          

        CLASS   SFR29          

        CLASS   SFR30          

        CLASS   SFR31          

        CLASS   CONFIG         
                config                             8007     8007        2         0

        CLASS   IDLOC          

        CLASS   EEDATA         

        CLASS   BANK31         

        CLASS   BANK30         

        CLASS   BANK29         

        CLASS   BANK28         

        CLASS   BANK27         

        CLASS   BANK26         

        CLASS   BANK25         

        CLASS   BANK24         

        CLASS   BANK23         

        CLASS   BANK22         

        CLASS   BANK21         

        CLASS   BANK20         

        CLASS   BANK19         

        CLASS   BANK18         

        CLASS   BANK17         

        CLASS   BANK16         

        CLASS   BANK15         

        CLASS   BANK14         

        CLASS   BANK13         

        CLASS   BANK12         

        CLASS   BANK11         

        CLASS   BANK10         

        CLASS   BANK9          

        CLASS   BANK8          

        CLASS   BANK7          

        CLASS   BANK6          

        CLASS   BANK5          



SEGMENTS        Name                           Load    Length   Top    Selector   Space  Class     Delta

                reset_vec                      000000  000002  000002         0       0  CODE        2
                text42                         000003  000001  000004         6       0  CODE        2
                intentry                       000004  0007FC  000800         8       0  CODE        2
                cstackBANK0                    000020  00003E  00005E        20       1  BANK0       1
                cstackCOMMON                   000070  00000E  00007E        70       1  COMMON      1
                cstackBANK1                    0000A0  000031  0000D1        A0       1  BANK1       1
                idataBANK0                     000C02  000004  000C06      1804       0  CODE        2
                text37                         000C06  000007  000C0D      180C       0  CODE        2
                text25                         000C0D  000007  000C14      181A       0  CODE        2
                text21                         000C14  000007  000C1B      1828       0  CODE        2
                text36                         000C1B  000008  000C23      1836       0  CODE        2
                text28                         000C23  000008  000C2B      1846       0  CODE        2
                text20                         000C2B  000008  000C33      1856       0  CODE        2
                text26                         000C33  00000A  000C3D      1866       0  CODE        2
                text23                         000C3D  00000B  000C48      187A       0  CODE        2
                clrtext                        000C48  00000C  000C54      1890       0  CODE        2
                text45                         000C54  00000D  000C61      18A8       0  CODE        2
                text46                         000C61  00000E  000C6F      18C2       0  CODE        2
                text24                         000C6F  00000E  000C7D      18DE       0  CODE        2
                text13                         000C7D  000012  000C8F      18FA       0  CODE        2
                text32                         000C8F  000015  000CA4      191E       0  CODE        2
                text17                         000CA4  000018  000CBC      1948       0  CODE        2
                text19                         000CBC  00001A  000CD6      1978       0  CODE        2
                text27                         000CD6  00001D  000CF3      19AC       0  CODE        2
                text10                         000CF3  00001F  000D12      19E6       0  CODE        2
                text18                         000D12  000021  000D33      1A24       0  CODE        2
                text3                          000D33  000021  000D54      1A66       0  CODE        2
                text9                          000D54  000022  000D76      1AA8       0  CODE        2
                text31                         000D76  000026  000D9C      1AEC       0  CODE        2
                text8                          000D9C  00002B  000DC7      1B38       0  CODE        2
                text34                         000DC7  00002C  000DF3      1B8E       0  CODE        2
                text40                         000DF3  00002F  000E22      1BE6       0  CODE        2
                text41                         000E22  000030  000E52      1C44       0  CODE        2
                text29                         000E52  000037  000E89      1CA4       0  CODE        2
                text4                          000E89  000038  000EC1      1D12       0  CODE        2
                text5                          000EC1  00003A  000EFB      1D82       0  CODE        2
                text35                         000EFB  00003E  000F39      1DF6       0  CODE        2
                text1                          000F39  000040  000F79      1E72       0  CODE        2
                text7                          000F79  000042  000FBB      1EF2       0  CODE        2
                text39                         000FBB  000045  001000      1F76       0  CODE        2
                config                         008007  000002  008009     1000E       0  CONFIG      2


UNUSED ADDRESS RANGES

        Name                Unused          Largest block    Delta
        BANK0            0005E-0006F              12           1
        BANK1            000D1-000EF              1F           1
        BANK2            00120-00148              29           1
        BIGRAM           02000-0216F             170           1
        CODE             00002-00002               1           2
                         00800-00C01             402
        CONST            00002-00002               1           2
                         00800-00C01             100
        EEDATA           0F000-0F0FF             100           2
        ENTRY            00002-00002               1           2
                         00800-00C01             100
        IDLOC            08000-08003               4           2
        RAM              0005E-0006F              12           1
                         000D1-000EF              1F
                         00120-00148              29
        SFR0             00000-0001F              20           1
        SFR1             00080-0009F              20           1
        SFR10            00500-0056F              70           1
        SFR11            00580-005EF              70           1
        SFR12            00600-0066F              70           1
        SFR13            00680-006EF              70           1
        SFR14            00700-0076F              70           1
        SFR15            00780-007EF              70           1
        SFR16            00800-0086F              70           1
        SFR17            00880-008EF              70           1
        SFR18            00900-0096F              70           1
        SFR19            00980-009EF              70           1
        SFR2             00100-0011F              20           1
        SFR20            00A00-00A6F              70           1
        SFR21            00A80-00AEF              70           1
        SFR22            00B00-00B6F              70           1
        SFR23            00B80-00BEF              70           1
        SFR24            00C00-00C6F              70           1
        SFR25            00C80-00CEF              70           1
        SFR26            00D00-00D6F              70           1
        SFR27            00D80-00DEF              70           1
        SFR28            00E00-00E6F              70           1
        SFR29            00E80-00EEF              70           1
        SFR3             00180-0019F              20           1
        SFR30            00F00-00F6F              70           1
        SFR31            00F80-00FEF              70           1
        SFR4             00200-0021F              20           1
        SFR5             00280-002EF              70           1
        SFR6             00300-0036F              70           1
        SFR7             00380-003EF              70           1
        SFR8             00400-0046F              70           1
        SFR9             00480-004EF              70           1
        STACK            02081-020C8              48           1
        STRCODE          00002-00002               1           2
                         00800-00C01             402
        STRING           00002-00002               1           2
                         00800-00C01             100

                                  Symbol Table

?___awdiv                          cstackBANK0  0002F
?___awmod                          cstackBANK0  0002F
?___wmul                           cstackBANK0  0002F
I2C_u8MstStartSSP2@bReadFlg        cstackBANK0  0002F
I2C_u8MstStartSSP2@u8Address       cstackBANK0  00030
I2C_u8MstTxSSP2@u8Data             cstackBANK0  0002F
I2C_vInitMasterSSP2@eMode          cstackBANK0  00030
I2C_vInitMasterSSP2@u8ClkDiv       cstackBANK0  0002F
I2C_vInitSlaveSSP1@eMode           cstackBANK0  0002F
I2C_vInitSlaveSSP1@pvCallback      cstackBANK0  00030
I2C_vInitSlaveSSP1@u8Address       cstackBANK0  00032
KEYPAD_bUpdateBuffer@u8Idx         cstackCOMMON 0007D
KEYPAD_bUpdateBuffer@u8KeyNo       cstackCOMMON 0007C
KEYPAD_u8Read@u16PinMap            cstackBANK0  00022
KEYPAD_u8Read@u8Col                cstackBANK0  00024
KEYPAD_u8Read@u8KeyNo              cstackBANK0  00025
KEYPAD_u8Read@u8PortA              cstackBANK0  00020
KEYPAD_u8Read@u8PortB              cstackBANK0  00021
KEYPAD_u8Read@u8Row                cstackBANK0  00026
KEYPAD_vInit@spStatus              cstackBANK0  0003E
ST7032_bSetCursorSSP2@u8Addr       cstackBANK0  00046
ST7032_bSetCursorSSP2@u8ColNo      cstackBANK0  00042
ST7032_bSetCursorSSP2@u8RowNo      cstackBANK0  00045
ST7032_vDispSettingSSP2@bBlink     cstackBANK0  00032
ST7032_vDispSettingSSP2@bCursor    cstackBANK0  00031
ST7032_vDispSettingSSP2@bDisp      cstackBANK0  00035
ST7032_vSetContrastSSP2@u8Contrast cstackBANK0  00032
ST7032_vSetContrastSSP2@u8Val      cstackBANK0  00033
ST7032_vWriteCGRAMSSP2@pu8BitMap   cstackBANK0  00042
ST7032_vWriteCGRAMSSP2@pu8WkMap    cstackBANK0  00046
ST7032_vWriteCGRAMSSP2@u8CharNo    cstackBANK0  00045
ST7032_vWriteCGRAMSSP2@u8Idx       cstackBANK0  00048
ST7032_vWriteDataSSP2@pcData       cstackBANK0  0003D
ST7032_vWriteDataSSP2@pu8WkData    cstackBANK0  0003E
ST7032_vWriteDataSSP2@u8Idx        cstackBANK0  0003C
ST7032_vWriteDataSSP2@u8Len        cstackBANK0  00036
ST7032_vWriteIconSSP2@u8Addr       cstackBANK0  00043
ST7032_vWriteIconSSP2@u8Map        cstackBANK0  00042
_ANSELA                            (abs)        0018C
_ANSELB                            (abs)        0018D
_BCL1IE                            (abs)        00493
_BCL1IF                            (abs)        00093
_BCL2IE                            (abs)        004A1
_BCL2IF                            (abs)        000A1
_GIE                               (abs)        0005F
_I2C_u8MstStartSSP2                text27       00CD6
_I2C_u8MstTxSSP2                   text26       00C33
_I2C_vInitMasterSSP2               text32       00C8F
_I2C_vInitSlaveSSP1                text31       00D76
_I2C_vMstStopSSP2                  text25       00C0D
_I2C_vSlaveIsrSSP1                 text40       00DF3
_ISR                               intentry     00004
_KEYPAD_bUpdateBuffer              text35       00EFB
_KEYPAD_u8Read                     text38       002DD
_KEYPAD_vInit                      text29       00E52
_OPTION_REG                        (abs)        00095
_OSCCON                            (abs)        00099
_PEIE                              (abs)        0005E
_PORTA                             (abs)        0000C
_PORTB                             (abs)        0000D
_RB0                               (abs)        00068
_RB3                               (abs)        0006B
_SSP1ADD                           (abs)        00212
_SSP1BUF                           (abs)        00211
_SSP1CON1                          (abs)        00215
_SSP1CON1bits                      (abs)        00215
_SSP1CON2                          (abs)        00216
_SSP1CON2bits                      (abs)        00216
_SSP1CON3                          (abs)        00217
_SSP1IE                            (abs)        0048B
_SSP1IF                            (abs)        0008B
_SSP1MSK                           (abs)        00213
_SSP1STAT                          (abs)        00214
_SSP1STATbits                      (abs)        00214
_SSP2ADD                           (abs)        0021A
_SSP2BUF                           (abs)        00219
_SSP2CON1                          (abs)        0021D
_SSP2CON1bits                      (abs)        0021D
_SSP2CON2                          (abs)        0021E
_SSP2CON2bits                      (abs)        0021E
_SSP2CON3                          (abs)        0021F
_SSP2IE                            (abs)        004A0
_SSP2IF                            (abs)        000A0
_SSP2MSK                           (abs)        0021B
_SSP2STAT                          (abs)        0021C
_SSP2STATbits                      (abs)        0021C
_ST7032_bSetCursorSSP2             text10       00CF3
_ST7032_vDispSettingSSP2           text18       00D12
_ST7032_vInitSSP2                  text2        005BA
_ST7032_vSetContrastSSP2           text22       0079F
_ST7032_vWriteCGRAMSSP2            text6        00625
_ST7032_vWriteDataSSP2             text15       006CA
_ST7032_vWriteIconSSP2             text4        00E89
_TMR0                              (abs)        00015
_TMR0IE                            (abs)        0005D
_TMR0IF                            (abs)        0005A
_TRISA                             (abs)        0008C
_TRISB                             (abs)        0008D
__CFG_BOREN$ON                     (abs)        00000
__CFG_BORV$HI                      (abs)        00000
__CFG_CLKOUTEN$OFF                 (abs)        00000
__CFG_CP$OFF                       (abs)        00000
__CFG_CPD$OFF                      (abs)        00000
__CFG_FCMEN$OFF                    (abs)        00000
__CFG_FOSC$INTOSC                  (abs)        00000
__CFG_IESO$OFF                     (abs)        00000
__CFG_LVP$OFF                      (abs)        00000
__CFG_MCLRE$OFF                    (abs)        00000
__CFG_PLLEN$OFF                    (abs)        00000
__CFG_PWRTE$ON                     (abs)        00000
__CFG_STVREN$ON                    (abs)        00000
__CFG_WDTE$OFF                     (abs)        00000
__CFG_WRT$OFF                      (abs)        00000
__Habs1                            abs1         00000
__Hbank0                           bank0        00000
__Hbank1                           bank1        00000
__Hbank10                          bank10       00000
__Hbank11                          bank11       00000
__Hbank12                          bank12       00000
__Hbank13                          bank13       00000
__Hbank14                          bank14       00000
__Hbank15                          bank15       00000
__Hbank16                          bank16       00000
__Hbank17                          bank17       00000
__Hbank18                          bank18       00000
__Hbank19                          bank19       00000
__Hbank2                           bank2        00000
__Hbank20                          bank20       00000
__Hbank21                          bank21       00000
__Hbank22                          bank22       00000
__Hbank23                          bank23       00000
__Hbank24                          bank24       00000
__Hbank25                          bank25       00000
__Hbank26                          bank26       00000
__Hbank27                          bank27       00000
__Hbank28                          bank28       00000
__Hbank29                          bank29       00000
__Hbank3                           bank3        00000
__Hbank30                          bank30       00000
__Hbank31                          bank31       00000
__Hbank4                           bank4        00000
__Hbank5                           bank5        00000
__Hbank6                           bank6        00000
__Hbank7                           bank7        00000
__Hbank8                           bank8        00000
__Hbank9                           bank9        00000
__Hbigram                          bigram       00000
__HbssBANK0                        bssBANK0     00000
__HbssBANK1                        bssBANK1     00000
__Hcinit                           cinit        0003B
__Hclrtext                         clrtext      00000
__Hcode                            code         00000
__Hcommon                          common       00000
__Hconfig                          config       08009
__HcstackBANK0                     cstackBANK0  00000
__HcstackBANK1                     cstackBANK1  00000
__HcstackCOMMON                    cstackCOMMON 00000
__HdataBANK0                       dataBANK0    00000
__Heeprom_data                     eeprom_data  00000
__Hend_init                        end_init     0000F
__Hfunctab                         functab      00000
__HidataBANK0                      idataBANK0   00000
__Hidloc                           idloc        00000
__Hinit                            init         0000D
__Hintentry                        intentry     0000D
__Hmaintext                        maintext     00000
__Hpowerup                         powerup      00000
__Hram                             ram          00000
__Hreset_vec                       reset_vec    00002
__Hsfr0                            sfr0         00000
__Hsfr1                            sfr1         00000
__Hsfr10                           sfr10        00000
__Hsfr11                           sfr11        00000
__Hsfr12                           sfr12        00000
__Hsfr13                           sfr13        00000
__Hsfr14                           sfr14        00000
__Hsfr15                           sfr15        00000
__Hsfr16                           sfr16        00000
__Hsfr17                           sfr17        00000
__Hsfr18                           sfr18        00000
__Hsfr19                           sfr19        00000
__Hsfr2                            sfr2         00000
__Hsfr20                           sfr20        00000
__Hsfr21                           sfr21        00000
__Hsfr22                           sfr22        00000
__Hsfr23                           sfr23        00000
__Hsfr24                           sfr24        00000
__Hsfr25                           sfr25        00000
__Hsfr26                           sfr26        00000
__Hsfr27                           sfr27        00000
__Hsfr28                           sfr28        00000
__Hsfr29                           sfr29        00000
__Hsfr3                            sfr3         00000
__Hsfr30                           sfr30        00000
__Hsfr31                           sfr31        00000
__Hsfr4                            sfr4         00000
__Hsfr5                            sfr5         00000
__Hsfr6                            sfr6         00000
__Hsfr7                            sfr7         00000
__Hsfr8                            sfr8         00000
__Hsfr9                            sfr9         00000
__Hspace_0                         (abs)        08009
__Hspace_1                         (abs)        000D1
__Hspace_2                         (abs)        00000
__Hspace_3                         (abs)        00000
__Hstack                           stack        00000
__Hstrings                         strings      00000
__Htext                            text         00000
__Labs1                            abs1         00000
__Lbank0                           bank0        00000
__Lbank1                           bank1        00000
__Lbank10                          bank10       00000
__Lbank11                          bank11       00000
__Lbank12                          bank12       00000
__Lbank13                          bank13       00000
__Lbank14                          bank14       00000
__Lbank15                          bank15       00000
__Lbank16                          bank16       00000
__Lbank17                          bank17       00000
__Lbank18                          bank18       00000
__Lbank19                          bank19       00000
__Lbank2                           bank2        00000
__Lbank20                          bank20       00000
__Lbank21                          bank21       00000
__Lbank22                          bank22       00000
__Lbank23                          bank23       00000
__Lbank24                          bank24       00000
__Lbank25                          bank25       00000
__Lbank26                          bank26       00000
__Lbank27                          bank27       00000
__Lbank28                          bank28       00000
__Lbank29                          bank29       00000
__Lbank3                           bank3        00000
__Lbank30                          bank30       00000
__Lbank31                          bank31       00000
__Lbank4                           bank4        00000
__Lbank5                           bank5        00000
__Lbank6                           bank6        00000
__Lbank7                           bank7        00000
__Lbank8                           bank8        00000
__Lbank9                           bank9        00000
__Lbigram                          bigram       00000
__LbssBANK0                        bssBANK0     00000
__LbssBANK1                        bssBANK1     00000
__Lcinit                           cinit        0000F
__Lclrtext                         clrtext      00000
__Lcode                            code         00000
__Lcommon                          common       00000
__Lconfig                          config       08007
__LcstackBANK0                     cstackBANK0  00000
__LcstackBANK1                     cstackBANK1  00000
__LcstackCOMMON                    cstackCOMMON 00000
__LdataBANK0                       dataBANK0    00000
__Leeprom_data                     eeprom_data  00000
__Lend_init                        end_init     0000D
__Lfunctab                         functab      00000
__LidataBANK0                      idataBANK0   00000
__Lidloc                           idloc        00000
__Linit                            init         0000D
__Lintentry                        intentry     00004
__Lmaintext                        maintext     00000
__Lpowerup                         powerup      00000
__Lram                             ram          00000
__Lreset_vec                       reset_vec    00000
__Lsfr0                            sfr0         00000
__Lsfr1                            sfr1         00000
__Lsfr10                           sfr10        00000
__Lsfr11                           sfr11        00000
__Lsfr12                           sfr12        00000
__Lsfr13                           sfr13        00000
__Lsfr14                           sfr14        00000
__Lsfr15                           sfr15        00000
__Lsfr16                           sfr16        00000
__Lsfr17                           sfr17        00000
__Lsfr18                           sfr18        00000
__Lsfr19                           sfr19        00000
__Lsfr2                            sfr2         00000
__Lsfr20                           sfr20        00000
__Lsfr21                           sfr21        00000
__Lsfr22                           sfr22        00000
__Lsfr23                           sfr23        00000
__Lsfr24                           sfr24        00000
__Lsfr25                           sfr25        00000
__Lsfr26                           sfr26        00000
__Lsfr27                           sfr27        00000
__Lsfr28                           sfr28        00000
__Lsfr29                           sfr29        00000
__Lsfr3                            sfr3         00000
__Lsfr30                           sfr30        00000
__Lsfr31                           sfr31        00000
__Lsfr4                            sfr4         00000
__Lsfr5                            sfr5         00000
__Lsfr6                            sfr6         00000
__Lsfr7                            sfr7         00000
__Lsfr8                            sfr8         00000
__Lsfr9                            sfr9         00000
__Lspace_0                         (abs)        00000
__Lspace_1                         (abs)        00000
__Lspace_2                         (abs)        00000
__Lspace_3                         (abs)        00000
__Lstack                           stack        00000
__Lstrings                         strings      00000
__Ltext                            text         00000
__S0                               (abs)        08009
__S1                               (abs)        000D1
__S2                               (abs)        00000
__S3                               (abs)        00000
___awdiv                           text12       00678
___awdiv@counter                   cstackBANK0  00034
___awdiv@dividend                  cstackBANK0  00031
___awdiv@divisor                   cstackBANK0  0002F
___awdiv@quotient                  cstackBANK0  00036
___awdiv@sign                      cstackBANK0  00035
___awmod                           text16       00759
___awmod@counter                   cstackBANK0  00034
___awmod@dividend                  cstackBANK0  00031
___awmod@divisor                   cstackBANK0  0002F
___awmod@sign                      cstackBANK0  00035
___bmul                            text13       00C7D
___bmul@multiplicand               cstackBANK0  0002F
___bmul@multiplier                 cstackBANK0  00032
___bmul@product                    cstackBANK0  00031
___int_sp                          stack        00000
___latbits                         (abs)        00001
___sp                              stack        00000
___stackhi                         (abs)        020C8
___stacklo                         (abs)        02081
___wmul                            text14       007E4
___wmul@multiplicand               cstackBANK0  00031
___wmul@multiplier                 cstackBANK0  0002F
___wmul@product                    cstackBANK0  00033
__end_of_I2C_u8MstStartSSP2        text27       00CF3
__end_of_I2C_u8MstTxSSP2           text26       00C3D
__end_of_I2C_vInitMasterSSP2       text32       00CA4
__end_of_I2C_vInitSlaveSSP1        text31       00D9C
__end_of_I2C_vMstStopSSP2          text25       00C14
__end_of_I2C_vSlaveIsrSSP1         text40       00E22
__end_of_ISR                       intentry     0000D
__end_of_KEYPAD_bUpdateBuffer      text35       00F39
__end_of_KEYPAD_u8Read             text38       003AA
__end_of_KEYPAD_vInit              text29       00E89
__end_of_ST7032_bSetCursorSSP2     text10       00D12
__end_of_ST7032_vDispSettingSSP2   text18       00D33
__end_of_ST7032_vInitSSP2          text2        00625
__end_of_ST7032_vSetContrastSSP2   text22       007E4
__end_of_ST7032_vWriteCGRAMSSP2    text6        00678
__end_of_ST7032_vWriteDataSSP2     text15       00713
__end_of_ST7032_vWriteIconSSP2     text4        00EC1
__end_of___awdiv                   text12       006CA
__end_of___awmod                   text16       0079F
__end_of___bmul                    text13       00C8F
__end_of___wmul                    text14       00800
__end_of__initialization           cinit        00037
__end_of_bSetCursorSSP2            text11       00759
__end_of_criticalSec_vBegin        text21       00C1B
__end_of_criticalSec_vEnd          text20       00C33
__end_of_evt_u8GetEventMap         text19       00CD6
__end_of_evt_vSetDrawEvent         text45       00C61
__end_of_evt_vSetEventMap          text46       00C6F
__end_of_lcd_vCursorSetting        text17       00CBC
__end_of_lcd_vDarwLine             text7        00FBB
__end_of_lcd_vDrawCGRAM            text5        00EFB
__end_of_lcd_vDrawCursor           text9        00D76
__end_of_lcd_vDrawIconRAM          text3        00D54
__end_of_lcd_vPowerSetting         text1        00F79
__end_of_main                      maintext     002DD
__end_of_memcpy                    text8        00DC7
__end_of_memset                    text30       00466
__end_of_readColumn                text39       01000
__end_of_ssp1_u8ReadData           text47       005BA
__end_of_ssp1_vCallback            text41       00E52
__end_of_ssp1_vWriteData           text43       001FF
__end_of_timer_vInterrupt          text34       00DF3
__end_of_vDmyCallback              text42       00004
__end_of_vExecCmdEndSSP2           text24       00C7D
__end_of_vExecCmdSSP2              text23       00C48
__end_of_vMasterWaitSSP2           text28       00C2B
__end_ofi1_criticalSec_vBegin      text37       00C0D
__end_ofi1_criticalSec_vEnd        text36       00C23
__end_ofi1_memset                  text44       00521
__initialization                   cinit        0000F
__pbssBANK0                        bssBANK0     00051
__pbssBANK1                        bssBANK1     000CD
__pbssBIGRAM                       (abs)        020C9
__pcstackBANK0                     cstackBANK0  00020
__pcstackBANK1                     cstackBANK1  000A0
__pcstackCOMMON                    cstackCOMMON 00070
__pdataBANK0                       dataBANK0    0005A
__pidataBANK0                      idataBANK0   00C02
__pintentry                        intentry     00004
__pmaintext                        maintext     001FF
__ptext1                           text1        00F39
__ptext10                          text10       00CF3
__ptext11                          text11       00713
__ptext12                          text12       00678
__ptext13                          text13       00C7D
__ptext14                          text14       007E4
__ptext15                          text15       006CA
__ptext16                          text16       00759
__ptext17                          text17       00CA4
__ptext18                          text18       00D12
__ptext19                          text19       00CBC
__ptext2                           text2        005BA
__ptext20                          text20       00C2B
__ptext21                          text21       00C14
__ptext22                          text22       0079F
__ptext23                          text23       00C3D
__ptext24                          text24       00C6F
__ptext25                          text25       00C0D
__ptext26                          text26       00C33
__ptext27                          text27       00CD6
__ptext28                          text28       00C23
__ptext29                          text29       00E52
__ptext3                           text3        00D33
__ptext30                          text30       003AA
__ptext31                          text31       00D76
__ptext32                          text32       00C8F
__ptext34                          text34       00DC7
__ptext35                          text35       00EFB
__ptext36                          text36       00C1B
__ptext37                          text37       00C06
__ptext38                          text38       002DD
__ptext39                          text39       00FBB
__ptext4                           text4        00E89
__ptext40                          text40       00DF3
__ptext41                          text41       00E22
__ptext42                          text42       00003
__ptext43                          text43       0003B
__ptext44                          text44       00466
__ptext45                          text45       00C54
__ptext46                          text46       00C61
__ptext47                          text47       00521
__ptext5                           text5        00EC1
__ptext6                           text6        00625
__ptext7                           text7        00F79
__ptext8                           text8        00D9C
__ptext9                           text9        00D54
__size_of_I2C_u8MstStartSSP2       (abs)        00000
__size_of_I2C_u8MstTxSSP2          (abs)        00000
__size_of_I2C_vInitMasterSSP2      (abs)        00000
__size_of_I2C_vInitSlaveSSP1       (abs)        00000
__size_of_I2C_vMstStopSSP2         (abs)        00000
__size_of_I2C_vSlaveIsrSSP1        (abs)        00000
__size_of_ISR                      (abs)        00000
__size_of_KEYPAD_bUpdateBuffer     (abs)        00000
__size_of_KEYPAD_u8Read            (abs)        00000
__size_of_KEYPAD_vInit             (abs)        00000
__size_of_ST7032_bSetCursorSSP2    (abs)        00000
__size_of_ST7032_vDispSettingSSP2  (abs)        00000
__size_of_ST7032_vInitSSP2         (abs)        00000
__size_of_ST7032_vSetContrastSSP2  (abs)        00000
__size_of_ST7032_vWriteCGRAMSSP2   (abs)        00000
__size_of_ST7032_vWriteDataSSP2    (abs)        00000
__size_of_ST7032_vWriteIconSSP2    (abs)        00000
__size_of___awdiv                  (abs)        00000
__size_of___awmod                  (abs)        00000
__size_of___bmul                   (abs)        00000
__size_of___wmul                   (abs)        00000
__size_of_bSetCursorSSP2           (abs)        00000
__size_of_criticalSec_vBegin       (abs)        00000
__size_of_criticalSec_vEnd         (abs)        00000
__size_of_evt_u8GetEventMap        (abs)        00000
__size_of_evt_vSetDrawEvent        (abs)        00000
__size_of_evt_vSetEventMap         (abs)        00000
__size_of_lcd_vCursorSetting       (abs)        00000
__size_of_lcd_vDarwLine            (abs)        00000
__size_of_lcd_vDrawCGRAM           (abs)        00000
__size_of_lcd_vDrawCursor          (abs)        00000
__size_of_lcd_vDrawIconRAM         (abs)        00000
__size_of_lcd_vPowerSetting        (abs)        00000
__size_of_main                     (abs)        00000
__size_of_memcpy                   (abs)        00000
__size_of_memset                   (abs)        00000
__size_of_readColumn               (abs)        00000
__size_of_ssp1_u8ReadData          (abs)        00000
__size_of_ssp1_vCallback           (abs)        00000
__size_of_ssp1_vWriteData          (abs)        00000
__size_of_timer_vInterrupt         (abs)        00000
__size_of_vDmyCallback             (abs)        00000
__size_of_vExecCmdEndSSP2          (abs)        00000
__size_of_vExecCmdSSP2             (abs)        00000
__size_of_vMasterWaitSSP2          (abs)        00000
__size_ofi1_criticalSec_vBegin     (abs)        00000
__size_ofi1_criticalSec_vEnd       (abs)        00000
__size_ofi1_memset                 (abs)        00000
_bMstStartFlgSSP1                  bssBANK0     00058
_bMstStartFlgSSP2                  bssBANK0     00057
_bSetCursorSSP2                    text11       00713
_criticalSec_vBegin                text21       00C14
_criticalSec_vEnd                  text20       00C2B
_evt_u8GetEventMap                 text19       00CBC
_evt_vSetDrawEvent                 text45       00C54
_evt_vSetEventMap                  text46       00C61
_lcd_vCursorSetting                text17       00CA4
_lcd_vDarwLine                     text7        00F79
_lcd_vDrawCGRAM                    text5        00EC1
_lcd_vDrawCursor                   text9        00D54
_lcd_vDrawIconRAM                  text3        00D33
_lcd_vPowerSetting                 text1        00F39
_main                              maintext     001FF
_memcpy                            text8        00D9C
_memset                            text30       003AA
_pvSSP1Func                        dataBANK0    0005C
_pvSSP2Func                        dataBANK0    0005A
_readColumn                        text39       00FBB
_sAppStatus                        bssBANK1     000CD
_sMemoryMap                        (abs)        020C9
_spKEYPAD_status                   bssBANK0     00056
_ssp1_u8ReadData                   text47       00521
_ssp1_vCallback                    text41       00E22
_ssp1_vWriteData                   text43       0003B
_stStateSSP1                       bssBANK0     00053
_stStateSSP2                       bssBANK0     00051
_timer_vInterrupt                  text34       00DC7
_u8Depth                           bssBANK0     00055
_vDmyCallback                      text42       00003
_vExecCmdEndSSP2                   text24       00C6F
_vExecCmdSSP2                      text23       00C3D
_vMasterWaitSSP2                   text28       00C23
bSetCursorSSP2@u8Addr              cstackBANK0  00040
bSetCursorSSP2@u8Pos               cstackBANK0  00041
btemp                              (abs)        0007E
clear_ram0                         clrtext      00C48
end_of_initialization              cinit        00037
evt_u8GetEventMap@u8EvtMap         cstackBANK0  00031
evt_vSetDrawEvent@u8Addr           cstackCOMMON 00072
evt_vSetEventMap@eEvtType          cstackCOMMON 00071
i1_criticalSec_vBegin              text37       00C06
i1_criticalSec_vEnd                text36       00C1B
i1_memset                          text44       00466
i1memset@c                         cstackCOMMON 00072
i1memset@dest                      cstackCOMMON 00070
i1memset@k                         cstackCOMMON 0007A
i1memset@n                         cstackCOMMON 00074
i1memset@s                         cstackCOMMON 0007C
int$flags                          (abs)        0007E
intlevel0                          functab      00000
intlevel1                          functab      00000
intlevel2                          functab      00000
intlevel3                          functab      00000
intlevel4                          functab      00000
intlevel5                          functab      00000
lcd_vCursorSetting@bCursorBlink    cstackBANK0  00039
lcd_vCursorSetting@bCursorDisp     cstackBANK0  00038
lcd_vCursorSetting@u8CursorType    cstackBANK0  0003A
lcd_vDarwLine@u8Msg                cstackBANK1  000A0
lcd_vDarwLine@u8RowNo              cstackBANK1  000B0
lcd_vDrawCGRAM@u8Idx               cstackBANK0  0004D
lcd_vDrawCursor@u8CursorCol        cstackBANK0  00049
lcd_vDrawCursor@u8CursorRow        cstackBANK0  00048
lcd_vDrawIconRAM@u8Idx             cstackBANK0  00049
lcd_vPowerSetting@u8Val            cstackBANK0  00033
main@keypadSts                     cstackBANK1  000B2
main@u8EventMap                    cstackBANK1  000B1
memcpy@d                           cstackBANK0  0003E
memcpy@d1                          cstackBANK0  0003D
memcpy@n                           cstackBANK0  00037
memcpy@s                           cstackBANK0  0003B
memcpy@s1                          cstackBANK0  00035
memcpy@tmp                         cstackBANK0  0003A
memset@c                           cstackBANK0  00031
memset@dest                        cstackBANK0  0002F
memset@k                           cstackBANK0  00039
memset@n                           cstackBANK0  00033
memset@s                           cstackBANK0  0003B
readColumn@portA                   cstackCOMMON 00072
readColumn@portB                   cstackCOMMON 00073
readColumn@u16PinMap               cstackCOMMON 00075
readColumn@u8Col                   cstackCOMMON 00077
readColumn@u8Port                  cstackCOMMON 00074
reset_vec                          reset_vec    00000
ssp1_u8ReadData@u8Addr             cstackCOMMON 00076
ssp1_u8ReadData@u8Data             cstackCOMMON 00075
ssp1_vCallback@u8EvtType           cstackBANK0  00029
ssp1_vWriteData@u8Addr             cstackBANK0  00026
ssp1_vWriteData@u8Data             cstackBANK0  00027
start                              init         0000D
start_initialization               cinit        0000F
timer_vInterrupt@u8KeyNo           cstackBANK0  00028
vDmyCallback@u8BusNo               cstackBANK0  00028
vDmyCallback@u8EvtType             cstackBANK0  00029
vExecCmdEndSSP2@u8Cmd              cstackBANK0  00030
vExecCmdSSP2@u8Cmd                 cstackBANK0  00030
wtemp0                             (abs)        0007E


FUNCTION INFORMATION:

 *************** function _main *****************
 Defined at:
		line 195 in file "InterfaceMain.c"
 Parameters:    Size  Location     Type
		None
 Auto vars:     Size  Location     Type
  keypadSts      27   18[BANK1 ] struct .
  u8EventMap      1   17[BANK1 ] unsigned char 
 Return value:  Size  Location     Type
                  1    wreg      void 
 Registers used:
		wreg, fsr1l, fsr1h, status,2, status,0, pclath, cstack
 Tracked objects:
		On entry : 
		On exit  : 
		Unchanged: 
 Data sizes:     COMMON   BANK0   BANK1   BANK2   BANK3   BANK4
      Params:         0       0       0       0       0       0
      Locals:         0       0      28       0       0       0
      Temps:          0       1       0       0       0       0
      Totals:         0       1      28       0       0       0
Total ram usage:       29 bytes
 Hardware stack levels required when called:   13
 This function calls:
		_I2C_vInitMasterSSP2
		_I2C_vInitSlaveSSP1
		_KEYPAD_vInit
		_ST7032_vInitSSP2
		_ST7032_vSetContrastSSP2
		_evt_u8GetEventMap
		_lcd_vCursorSetting
		_lcd_vDarwLine
		_lcd_vDrawCGRAM
		_lcd_vDrawCursor
		_lcd_vDrawIconRAM
		_lcd_vPowerSetting
		_memset
 This function is called by:
		Startup code after reset
 This function uses a non-reentrant model


 *************** function _lcd_vPowerSetting *****************
 Defined at:
		line 418 in file "InterfaceMain.c"
 Parameters:    Size  Location     Type
  u8Settings      1    wreg     unsigned char 
 Auto vars:     Size  Location     Type
  u8Settings      1    0[COMMON] unsigned char 
  u8Val           1   19[BANK0 ] unsigned char 
 Return value:  Size  Location     Type
                  1    wreg      void 
 Registers used:
		wreg, fsr1l, fsr1h, status,2, status,0, pclath, cstack
 Tracked objects:
		On entry : 
		On exit  : 
		Unchanged: 
 Data sizes:     COMMON   BANK0   BANK1   BANK2   BANK3   BANK4
      Params:         0       0       0       0       0       0
      Locals:         0       1       0       0       0       0
      Temps:          0       1       0       0       0       0
      Totals:         0       2       0       0       0       0
Total ram usage:        2 bytes
 Hardware stack levels used:    1
 Hardware stack levels required when called:   10
 This function calls:
		_ST7032_vInitSSP2
		_criticalSec_vBegin
		_criticalSec_vEnd
 This function is called by:
		_main
 This function uses a non-reentrant model


 *************** function _ST7032_vInitSSP2 *****************
 Defined at:
		line 179 in file "st7032.c"
 Parameters:    Size  Location     Type
		None
 Auto vars:     Size  Location     Type
		None
 Return value:  Size  Location     Type
                  1    wreg      void 
 Registers used:
		wreg, status,2, status,0, pclath, cstack
 Tracked objects:
		On entry : 
		On exit  : 
		Unchanged: 
 Data sizes:     COMMON   BANK0   BANK1   BANK2   BANK3   BANK4
      Params:         0       0       0       0       0       0
      Locals:         0       0       0       0       0       0
      Temps:          0       1       0       0       0       0
      Totals:         0       1       0       0       0       0
Total ram usage:        1 bytes
 Hardware stack levels used:    1
 Hardware stack levels required when called:    9
 This function calls:
		_I2C_u8MstStartSSP2
		_vExecCmdEndSSP2
		_vExecCmdSSP2
 This function is called by:
		_main
		_lcd_vPowerSetting
 This function uses a non-reentrant model


 *************** function _lcd_vDrawIconRAM *****************
 Defined at:
		line 568 in file "InterfaceMain.c"
 Parameters:    Size  Location     Type
		None
 Auto vars:     Size  Location     Type
  u8Idx           1   41[BANK0 ] unsigned char 
 Return value:  Size  Location     Type
                  1    wreg      void 
 Registers used:
		wreg, fsr1l, fsr1h, status,2, status,0, pclath, cstack
 Tracked objects:
		On entry : 
		On exit  : 
		Unchanged: 
 Data sizes:     COMMON   BANK0   BANK1   BANK2   BANK3   BANK4
      Params:         0       0       0       0       0       0
      Locals:         0       1       0       0       0       0
      Temps:          0       5       0       0       0       0
      Totals:         0       6       0       0       0       0
Total ram usage:        6 bytes
 Hardware stack levels used:    1
 Hardware stack levels required when called:   11
 This function calls:
		_ST7032_vWriteIconSSP2
 This function is called by:
		_main
 This function uses a non-reentrant model


 *************** function _ST7032_vWriteIconSSP2 *****************
 Defined at:
		line 1150 in file "st7032.c"
 Parameters:    Size  Location     Type
  u8Addr          1    wreg     unsigned char 
  u8Map           1   34[BANK0 ] unsigned char 
 Auto vars:     Size  Location     Type
  u8Addr          1   35[BANK0 ] unsigned char 
 Return value:  Size  Location     Type
                  1    wreg      void 
 Registers used:
		wreg, status,2, status,0, pclath, cstack
 Tracked objects:
		On entry : 
		On exit  : 
		Unchanged: 
 Data sizes:     COMMON   BANK0   BANK1   BANK2   BANK3   BANK4
      Params:         0       1       0       0       0       0
      Locals:         0       1       0       0       0       0
      Temps:          0       0       0       0       0       0
      Totals:         0       2       0       0       0       0
Total ram usage:        2 bytes
 Hardware stack levels used:    1
 Hardware stack levels required when called:   10
 This function calls:
		_I2C_u8MstStartSSP2
		_I2C_u8MstTxSSP2
		_I2C_vMstStopSSP2
		_bSetCursorSSP2
		_vExecCmdSSP2
 This function is called by:
		_lcd_vDrawIconRAM
 This function uses a non-reentrant model


 *************** function _lcd_vDrawCGRAM *****************
 Defined at:
		line 546 in file "InterfaceMain.c"
 Parameters:    Size  Location     Type
		None
 Auto vars:     Size  Location     Type
  u8Idx           1   45[BANK0 ] unsigned char 
 Return value:  Size  Location     Type
                  1    wreg      void 
 Registers used:
		wreg, fsr1l, fsr1h, status,2, status,0, pclath, cstack
 Tracked objects:
		On entry : 
		On exit  : 
		Unchanged: 
 Data sizes:     COMMON   BANK0   BANK1   BANK2   BANK3   BANK4
      Params:         0       0       0       0       0       0
      Locals:         0       1       0       0       0       0
      Temps:          0       4       0       0       0       0
      Totals:         0       5       0       0       0       0
Total ram usage:        5 bytes
 Hardware stack levels used:    1
 Hardware stack levels required when called:   11
 This function calls:
		_ST7032_vWriteCGRAMSSP2
 This function is called by:
		_main
 This function uses a non-reentrant model


 *************** function _ST7032_vWriteCGRAMSSP2 *****************
 Defined at:
		line 864 in file "st7032.c"
 Parameters:    Size  Location     Type
  u8CharNo        1    wreg     unsigned char 
  pu8BitMap       2   34[BANK0 ] PTR unsigned char 
		 -> sMemoryMap.u8CGRam(64), sMemoryMap(167), 
 Auto vars:     Size  Location     Type
  u8CharNo        1   37[BANK0 ] unsigned char 
  pu8WkMap        2   38[BANK0 ] PTR unsigned char 
		 -> sMemoryMap.u8CGRam(64), sMemoryMap(167), 
  u8Idx           1   40[BANK0 ] unsigned char 
 Return value:  Size  Location     Type
                  1    wreg      void 
 Registers used:
		wreg, fsr1l, fsr1h, status,2, status,0, pclath, cstack
 Tracked objects:
		On entry : 
		On exit  : 
		Unchanged: 
 Data sizes:     COMMON   BANK0   BANK1   BANK2   BANK3   BANK4
      Params:         0       2       0       0       0       0
      Locals:         0       4       0       0       0       0
      Temps:          0       1       0       0       0       0
      Totals:         0       7       0       0       0       0
Total ram usage:        7 bytes
 Hardware stack levels used:    1
 Hardware stack levels required when called:   10
 This function calls:
		_I2C_u8MstStartSSP2
		_I2C_u8MstTxSSP2
		_I2C_vMstStopSSP2
		_bSetCursorSSP2
		_vExecCmdSSP2
 This function is called by:
		_lcd_vDrawCGRAM
 This function uses a non-reentrant model


 *************** function _lcd_vDarwLine *****************
 Defined at:
		line 510 in file "InterfaceMain.c"
 Parameters:    Size  Location     Type
  u8RowNo         1    wreg     unsigned char 
 Auto vars:     Size  Location     Type
  u8RowNo         1   16[BANK1 ] unsigned char 
  u8Msg          16    0[BANK1 ] unsigned char [16]
 Return value:  Size  Location     Type
                  1    wreg      void 
 Registers used:
		wreg, fsr1l, fsr1h, status,2, status,0, pclath, cstack
 Tracked objects:
		On entry : 
		On exit  : 
		Unchanged: 
 Data sizes:     COMMON   BANK0   BANK1   BANK2   BANK3   BANK4
      Params:         0       0       0       0       0       0
      Locals:         0       0      17       0       0       0
      Temps:          0       6       0       0       0       0
      Totals:         0       6      17       0       0       0
Total ram usage:       23 bytes
 Hardware stack levels used:    1
 Hardware stack levels required when called:   12
 This function calls:
		_ST7032_bSetCursorSSP2
		_ST7032_vWriteDataSSP2
		___wmul
		_criticalSec_vBegin
		_criticalSec_vEnd
		_lcd_vDrawCursor
		_memcpy
 This function is called by:
		_main
 This function uses a non-reentrant model


 *************** function _memcpy *****************
 Defined at:
		line 4 in file "C:\Program Files (x86)\Microchip\xc8\v2.05\pic\sources\c99\common\memcpy.c"
 Parameters:    Size  Location     Type
  d1              1    wreg     PTR void 
		 -> lcd_vDarwLine@u8Msg(16), 
  s1              2   21[BANK0 ] PTR const void 
		 -> sMemoryMap.u8DispRam(80), sMemoryMap(167), 
  n               2   23[BANK0 ] unsigned int 
 Auto vars:     Size  Location     Type
  d1              1   29[BANK0 ] PTR void 
		 -> lcd_vDarwLine@u8Msg(16), 
  s               2   27[BANK0 ] PTR const unsigned char 
		 -> sMemoryMap.u8DispRam(80), sMemoryMap(167), 
  d               1   30[BANK0 ] PTR unsigned char 
		 -> lcd_vDarwLine@u8Msg(16), 
  tmp             1   26[BANK0 ] unsigned char 
 Return value:  Size  Location     Type
                  1    wreg      PTR void 
 Registers used:
		wreg, fsr1l, fsr1h, status,2, status,0
 Tracked objects:
		On entry : 
		On exit  : 
		Unchanged: 
 Data sizes:     COMMON   BANK0   BANK1   BANK2   BANK3   BANK4
      Params:         0       4       0       0       0       0
      Locals:         0       5       0       0       0       0
      Temps:          0       1       0       0       0       0
      Totals:         0      10       0       0       0       0
Total ram usage:       10 bytes
 Hardware stack levels used:    1
 Hardware stack levels required when called:    6
 This function calls:
		Nothing
 This function is called by:
		_lcd_vDarwLine
 This function uses a non-reentrant model


 *************** function _lcd_vDrawCursor *****************
 Defined at:
		line 484 in file "InterfaceMain.c"
 Parameters:    Size  Location     Type
		None
 Auto vars:     Size  Location     Type
  u8CursorCol     1   41[BANK0 ] unsigned char 
  u8CursorRow     1   40[BANK0 ] unsigned char 
 Return value:  Size  Location     Type
                  1    wreg      void 
 Registers used:
		wreg, fsr1l, fsr1h, status,2, status,0, pclath, cstack
 Tracked objects:
		On entry : 
		On exit  : 
		Unchanged: 
 Data sizes:     COMMON   BANK0   BANK1   BANK2   BANK3   BANK4
      Params:         0       0       0       0       0       0
      Locals:         0       2       0       0       0       0
      Temps:          0       1       0       0       0       0
      Totals:         0       3       0       0       0       0
Total ram usage:        3 bytes
 Hardware stack levels used:    1
 Hardware stack levels required when called:   11
 This function calls:
		_ST7032_bSetCursorSSP2
		_criticalSec_vBegin
		_criticalSec_vEnd
 This function is called by:
		_main
		_lcd_vDarwLine
 This function uses a non-reentrant model


 *************** function _ST7032_bSetCursorSSP2 *****************
 Defined at:
		line 693 in file "st7032.c"
 Parameters:    Size  Location     Type
  u8RowNo         1    wreg     unsigned char 
  u8ColNo         1   34[BANK0 ] unsigned char 
 Auto vars:     Size  Location     Type
  u8RowNo         1   37[BANK0 ] unsigned char 
  u8Addr          1   38[BANK0 ] unsigned char 
 Return value:  Size  Location     Type
                  1    wreg      unsigned char 
 Registers used:
		wreg, status,2, status,0, pclath, cstack
 Tracked objects:
		On entry : 
		On exit  : 
		Unchanged: 
 Data sizes:     COMMON   BANK0   BANK1   BANK2   BANK3   BANK4
      Params:         0       1       0       0       0       0
      Locals:         0       2       0       0       0       0
      Temps:          0       2       0       0       0       0
      Totals:         0       5       0       0       0       0
Total ram usage:        5 bytes
 Hardware stack levels used:    1
 Hardware stack levels required when called:   10
 This function calls:
		___bmul
		_bSetCursorSSP2
 This function is called by:
		_lcd_vDrawCursor
		_lcd_vDarwLine
 This function uses a non-reentrant model


 *************** function _bSetCursorSSP2 *****************
 Defined at:
		line 1321 in file "st7032.c"
 Parameters:    Size  Location     Type
  u8Pos           1    wreg     unsigned char 
 Auto vars:     Size  Location     Type
  u8Pos           1   33[BANK0 ] unsigned char 
  u8Addr          1   32[BANK0 ] unsigned char 
 Return value:  Size  Location     Type
                  1    wreg      unsigned char 
 Registers used:
		wreg, status,2, status,0, pclath, cstack
 Tracked objects:
		On entry : 
		On exit  : 
		Unchanged: 
 Data sizes:     COMMON   BANK0   BANK1   BANK2   BANK3   BANK4
      Params:         0       0       0       0       0       0
      Locals:         0       2       0       0       0       0
      Temps:          0       8       0       0       0       0
      Totals:         0      10       0       0       0       0
Total ram usage:       10 bytes
 Hardware stack levels used:    1
 Hardware stack levels required when called:    9
 This function calls:
		_I2C_u8MstStartSSP2
		___awdiv
		___awmod
		_vExecCmdEndSSP2
 This function is called by:
		_ST7032_bSetCursorSSP2
		_ST7032_vWriteCGRAMSSP2
		_ST7032_vWriteIconSSP2
		_ST7032_vClearIconSSP2
		_ST7032_bCursorLeftSSP2
		_ST7032_bCursorRightSSP2
 This function uses a non-reentrant model


 *************** function ___awdiv *****************
 Defined at:
		line 5 in file "C:\Program Files (x86)\Microchip\xc8\v2.05\pic\sources\c99\common\awdiv.c"
 Parameters:    Size  Location     Type
  divisor         2   15[BANK0 ] int 
  dividend        2   17[BANK0 ] int 
 Auto vars:     Size  Location     Type
  quotient        2   22[BANK0 ] int 
  sign            1   21[BANK0 ] unsigned char 
  counter         1   20[BANK0 ] unsigned char 
 Return value:  Size  Location     Type
                  2   15[BANK0 ] int 
 Registers used:
		wreg, status,2, status,0
 Tracked objects:
		On entry : 
		On exit  : 
		Unchanged: 
 Data sizes:     COMMON   BANK0   BANK1   BANK2   BANK3   BANK4
      Params:         0       4       0       0       0       0
      Locals:         0       4       0       0       0       0
      Temps:          0       1       0       0       0       0
      Totals:         0       9       0       0       0       0
Total ram usage:        9 bytes
 Hardware stack levels used:    1
 Hardware stack levels required when called:    6
 This function calls:
		Nothing
 This function is called by:
		_bSetCursorSSP2
		_ST7032_u8GetCursorRowNoSSP1
		_ST7032_u8GetCursorRowNoSSP2
		_bSetCursorSSP1
 This function uses a non-reentrant model


 *************** function ___bmul *****************
 Defined at:
		line 4 in file "C:\Program Files (x86)\Microchip\xc8\v2.05\pic\sources\c99\common\Umul8.c"
 Parameters:    Size  Location     Type
  multiplier      1    wreg     unsigned char 
  multiplicand    1   15[BANK0 ] unsigned char 
 Auto vars:     Size  Location     Type
  multiplier      1   18[BANK0 ] unsigned char 
  product         1   17[BANK0 ] unsigned char 
 Return value:  Size  Location     Type
                  1    wreg      unsigned char 
 Registers used:
		wreg, status,2, status,0
 Tracked objects:
		On entry : 
		On exit  : 
		Unchanged: 
 Data sizes:     COMMON   BANK0   BANK1   BANK2   BANK3   BANK4
      Params:         0       1       0       0       0       0
      Locals:         0       2       0       0       0       0
      Temps:          0       1       0       0       0       0
      Totals:         0       4       0       0       0       0
Total ram usage:        4 bytes
 Hardware stack levels used:    1
 Hardware stack levels required when called:    6
 This function calls:
		Nothing
 This function is called by:
		_ST7032_bSetCursorSSP2
		_ST7032_bSetCursorSSP1
 This function uses a non-reentrant model


 *************** function ___wmul *****************
 Defined at:
		line 15 in file "C:\Program Files (x86)\Microchip\xc8\v2.05\pic\sources\c99\common\Umul16.c"
 Parameters:    Size  Location     Type
  multiplier      2   15[BANK0 ] unsigned int 
  multiplicand    2   17[BANK0 ] unsigned int 
 Auto vars:     Size  Location     Type
  product         2   19[BANK0 ] unsigned int 
 Return value:  Size  Location     Type
                  2   15[BANK0 ] unsigned int 
 Registers used:
		wreg, status,2, status,0
 Tracked objects:
		On entry : 
		On exit  : 
		Unchanged: 
 Data sizes:     COMMON   BANK0   BANK1   BANK2   BANK3   BANK4
      Params:         0       4       0       0       0       0
      Locals:         0       2       0       0       0       0
      Temps:          0       0       0       0       0       0
      Totals:         0       6       0       0       0       0
Total ram usage:        6 bytes
 Hardware stack levels used:    1
 Hardware stack levels required when called:    6
 This function calls:
		Nothing
 This function is called by:
		_lcd_vDarwLine
 This function uses a non-reentrant model


 *************** function _ST7032_vWriteDataSSP2 *****************
 Defined at:
		line 1073 in file "st7032.c"
 Parameters:    Size  Location     Type
  pcData          1    wreg     PTR unsigned char 
		 -> lcd_vDarwLine@u8Msg(16), 
  u8Len           1   22[BANK0 ] unsigned char 
 Auto vars:     Size  Location     Type
  pcData          1   29[BANK0 ] PTR unsigned char 
		 -> lcd_vDarwLine@u8Msg(16), 
  pu8WkData       1   30[BANK0 ] PTR unsigned char 
		 -> lcd_vDarwLine@u8Msg(16), 
  u8Idx           1   28[BANK0 ] unsigned char 
 Return value:  Size  Location     Type
                  1    wreg      void 
 Registers used:
		wreg, fsr1l, fsr1h, status,2, status,0, pclath, cstack
 Tracked objects:
		On entry : 
		On exit  : 
		Unchanged: 
 Data sizes:     COMMON   BANK0   BANK1   BANK2   BANK3   BANK4
      Params:         0       1       0       0       0       0
      Locals:         0       3       0       0       0       0
      Temps:          0       5       0       0       0       0
      Totals:         0       9       0       0       0       0
Total ram usage:        9 bytes
 Hardware stack levels used:    1
 Hardware stack levels required when called:    8
 This function calls:
		_I2C_u8MstStartSSP2
		_I2C_u8MstTxSSP2
		_I2C_vMstStopSSP2
		___awmod
 This function is called by:
		_lcd_vDarwLine
 This function uses a non-reentrant model


 *************** function ___awmod *****************
 Defined at:
		line 5 in file "C:\Program Files (x86)\Microchip\xc8\v2.05\pic\sources\c99\common\awmod.c"
 Parameters:    Size  Location     Type
  divisor         2   15[BANK0 ] int 
  dividend        2   17[BANK0 ] int 
 Auto vars:     Size  Location     Type
  sign            1   21[BANK0 ] unsigned char 
  counter         1   20[BANK0 ] unsigned char 
 Return value:  Size  Location     Type
                  2   15[BANK0 ] int 
 Registers used:
		wreg, status,2, status,0
 Tracked objects:
		On entry : 
		On exit  : 
		Unchanged: 
 Data sizes:     COMMON   BANK0   BANK1   BANK2   BANK3   BANK4
      Params:         0       4       0       0       0       0
      Locals:         0       2       0       0       0       0
      Temps:          0       1       0       0       0       0
      Totals:         0       7       0       0       0       0
Total ram usage:        7 bytes
 Hardware stack levels used:    1
 Hardware stack levels required when called:    6
 This function calls:
		Nothing
 This function is called by:
		_ST7032_vWriteDataSSP2
		_bSetCursorSSP2
		_ST7032_u8GetCursorColNoSSP1
		_ST7032_u8GetCursorColNoSSP2
		_ST7032_vWriteCharSSP1
		_ST7032_vWriteCharSSP2
		_ST7032_vWriteStringSSP1
		_ST7032_vWriteStringSSP2
		_ST7032_vWriteDataSSP1
		_bSetCursorSSP1
 This function uses a non-reentrant model


 *************** function _lcd_vCursorSetting *****************
 Defined at:
		line 463 in file "InterfaceMain.c"
 Parameters:    Size  Location     Type
  u8CursorType    1    wreg     unsigned char 
 Auto vars:     Size  Location     Type
  u8CursorType    1   26[BANK0 ] unsigned char 
  bCursorBlink    1   25[BANK0 ] unsigned char 
  bCursorDisp     1   24[BANK0 ] unsigned char 
 Return value:  Size  Location     Type
                  1    wreg      void 
 Registers used:
		wreg, status,2, status,0, pclath, cstack
 Tracked objects:
		On entry : 
		On exit  : 
		Unchanged: 
 Data sizes:     COMMON   BANK0   BANK1   BANK2   BANK3   BANK4
      Params:         0       0       0       0       0       0
      Locals:         0       3       0       0       0       0
      Temps:          0       2       0       0       0       0
      Totals:         0       5       0       0       0       0
Total ram usage:        5 bytes
 Hardware stack levels used:    1
 Hardware stack levels required when called:   10
 This function calls:
		_ST7032_vDispSettingSSP2
 This function is called by:
		_main
 This function uses a non-reentrant model


 *************** function _ST7032_vDispSettingSSP2 *****************
 Defined at:
		line 554 in file "st7032.c"
 Parameters:    Size  Location     Type
  bDisp           1    wreg     unsigned char 
  bCursor         1   17[BANK0 ] unsigned char 
  bBlink          1   18[BANK0 ] unsigned char 
 Auto vars:     Size  Location     Type
  bDisp           1   21[BANK0 ] unsigned char 
 Return value:  Size  Location     Type
                  1    wreg      void 
 Registers used:
		wreg, status,2, status,0, pclath, cstack
 Tracked objects:
		On entry : 
		On exit  : 
		Unchanged: 
 Data sizes:     COMMON   BANK0   BANK1   BANK2   BANK3   BANK4
      Params:         0       2       0       0       0       0
      Locals:         0       1       0       0       0       0
      Temps:          0       2       0       0       0       0
      Totals:         0       5       0       0       0       0
Total ram usage:        5 bytes
 Hardware stack levels used:    1
 Hardware stack levels required when called:    9
 This function calls:
		_I2C_u8MstStartSSP2
		_vExecCmdEndSSP2
 This function is called by:
		_lcd_vCursorSetting
 This function uses a non-reentrant model


 *************** function _evt_u8GetEventMap *****************
 Defined at:
		line 388 in file "InterfaceMain.c"
 Parameters:    Size  Location     Type
		None
 Auto vars:     Size  Location     Type
  u8EvtMap        1   17[BANK0 ] unsigned char 
 Return value:  Size  Location     Type
                  1    wreg      unsigned char 
 Registers used:
		wreg, fsr1l, fsr1h, status,2, status,0, pclath, cstack
 Tracked objects:
		On entry : 
		On exit  : 
		Unchanged: 
 Data sizes:     COMMON   BANK0   BANK1   BANK2   BANK3   BANK4
      Params:         0       0       0       0       0       0
      Locals:         0       1       0       0       0       0
      Temps:          0       1       0       0       0       0
      Totals:         0       2       0       0       0       0
Total ram usage:        2 bytes
 Hardware stack levels used:    1
 Hardware stack levels required when called:    7
 This function calls:
		_criticalSec_vBegin
		_criticalSec_vEnd
 This function is called by:
		_main
 This function uses a non-reentrant model


 *************** function _criticalSec_vEnd *****************
 Defined at:
		line 83 in file "libcom.c"
 Parameters:    Size  Location     Type
		None
 Auto vars:     Size  Location     Type
		None
 Return value:  Size  Location     Type
                  1    wreg      void 
 Registers used:
		wreg, status,2, status,0
 Tracked objects:
		On entry : 
		On exit  : 
		Unchanged: 
 Data sizes:     COMMON   BANK0   BANK1   BANK2   BANK3   BANK4
      Params:         0       0       0       0       0       0
      Locals:         0       0       0       0       0       0
      Temps:          0       0       0       0       0       0
      Totals:         0       0       0       0       0       0
Total ram usage:        0 bytes
 Hardware stack levels used:    1
[...]


 *************** function _ISR *****************
 Defined at:
		line 970 in file "InterfaceMain.c"
 Parameters:    Size  Location     Type
		None
 Auto vars:     Size  Location     Type
		None
 Return value:  Size  Location     Type
                  1    wreg      void 
 Registers used:
		wreg, fsr0l, fsr0h, fsr1l, fsr1h, status,2, status,0, pclath, cstack
 Tracked objects:
		On entry : 
		On exit  : 
		Unchanged: 
 Data sizes:     COMMON   BANK0   BANK1   BANK2   BANK3   BANK4
      Params:         0       0       0       0       0       0
      Locals:         0       0       0       0       0       0
      Temps:          0       0       0       0       0       0
      Totals:         0       0       0       0       0       0
Total ram usage:        0 bytes
 Hardware stack levels used:    1
 Hardware stack levels required when called:    5
 This function calls:
		_I2C_vSlaveIsrSSP1
		_timer_vInterrupt
 This function is called by:
		Interrupt level 1
 This function uses a non-reentrant model


 *************** function _timer_vInterrupt *****************
 Defined at:
		line 588 in file "InterfaceMain.c"
 Parameters:    Size  Location     Type
		None
 Auto vars:     Size  Location     Type
  u8KeyNo         1    8[BANK0 ] unsigned char 
 Return value:  Size  Location     Type
                  1    wreg      void 
 Registers used:
		wreg, fsr0l, fsr0h, fsr1l, fsr1h, status,2, status,0, pclath, cstack
 Tracked objects:
		On entry : 
		On exit  : 
		Unchanged: 
 Data sizes:     COMMON   BANK0   BANK1   BANK2   BANK3   BANK4
      Params:         0       0       0       0       0       0
      Locals:         0       1       0       0       0       0
      Temps:          0       1       0       0       0       0
      Totals:         0       2       0       0       0       0
Total ram usage:        2 bytes
 Hardware stack levels used:    1
 Hardware stack levels required when called:    3
 This function calls:
		_KEYPAD_bUpdateBuffer
		_KEYPAD_u8Read
		_evt_vSetEventMap
 This function is called by:
		_ISR
 This function uses a non-reentrant model


 *************** function _KEYPAD_bUpdateBuffer *****************
 Defined at:
		line 114 in file "keypad.c"
 Parameters:    Size  Location     Type
		None
 Auto vars:     Size  Location     Type
  u8Idx           1   13[COMMON] unsigned char 
  u8KeyNo         1   12[COMMON] unsigned char 
 Return value:  Size  Location     Type
                  1    wreg      unsigned char 
 Registers used:
		wreg, fsr0l, fsr0h, fsr1l, fsr1h, status,2, status,0, pclath, cstack
 Tracked objects:
		On entry : 
		On exit  : 
		Unchanged: 
 Data sizes:     COMMON   BANK0   BANK1   BANK2   BANK3   BANK4
      Params:         0       0       0       0       0       0
      Locals:         2       0       0       0       0       0
      Temps:          2       0       0       0       0       0
      Totals:         4       0       0       0       0       0
Total ram usage:        4 bytes
 Hardware stack levels used:    1
 Hardware stack levels required when called:    2
 This function calls:
		_KEYPAD_u8Read
		i1_criticalSec_vBegin
		i1_criticalSec_vEnd
 This function is called by:
		_timer_vInterrupt
 This function uses a non-reentrant model


 *************** function i1_criticalSec_vEnd *****************
 Defined at:
		line 83 in file "libcom.c"
 Parameters:    Size  Location     Type
		None
 Auto vars:     Size  Location     Type
		None
 Return value:  Size  Location     Type
                  1    wreg      void 
 Registers used:
		wreg, status,2, status,0
 Tracked objects:
		On entry : 
		On exit  : 
		Unchanged: 
 Data sizes:     COMMON   BANK0   BANK1   BANK2   BANK3   BANK4
      Params:         0       0       0       0       0       0
      Locals:         0       0       0       0       0       0
      Temps:          0       0       0       0       0       0
      Totals:         0       0       0       0       0       0
Total ram usage:        0 bytes
 Hardware stack levels used:    1
 This function calls:
		Nothing
 This function is called by:
		_KEYPAD_bUpdateBuffer
 This function uses a non-reentrant model


 *************** function i1_criticalSec_vBegin *****************
 Defined at:
		line 65 in file "libcom.c"
 Parameters:    Size  Location     Type
		None
 Auto vars:     Size  Location     Type
		None
 Return value:  Size  Location     Type
                  1    wreg      void 
 Registers used:
		wreg, status,2, status,0
 Tracked objects:
		On entry : 
		On exit  : 
		Unchanged: 
 Data sizes:     COMMON   BANK0   BANK1   BANK2   BANK3   BANK4
      Params:         0       0       0       0       0       0
      Locals:         0       0       0       0       0       0
      Temps:          1       0       0       0       0       0
      Totals:         1       0       0       0       0       0
Total ram usage:        1 bytes
 Hardware stack levels used:    1
 This function calls:
		Nothing
 This function is called by:
		_KEYPAD_bUpdateBuffer
 This function uses a non-reentrant model


 *************** function _KEYPAD_u8Read *****************
 Defined at:
		line 195 in file "keypad.c"
 Parameters:    Size  Location     Type
		None
 Auto vars:     Size  Location     Type
  u16PinMap       2    2[BANK0 ] unsigned int 
  u8Row           1    6[BANK0 ] unsigned char 
  u8KeyNo         1    5[BANK0 ] unsigned char 
  u8Col           1    4[BANK0 ] unsigned char 
  u8PortB         1    1[BANK0 ] unsigned char 
  u8PortA         1    0[BANK0 ] unsigned char 
 Return value:  Size  Location     Type
                  1    wreg      unsigned char 
 Registers used:
		wreg, fsr0l, fsr0h, fsr1l, fsr1h, status,2, status,0, pclath, cstack
 Tracked objects:
		On entry : 
		On exit  : 
		Unchanged: 
 Data sizes:     COMMON   BANK0   BANK1   BANK2   BANK3   BANK4
      Params:         0       0       0       0       0       0
      Locals:         0       7       0       0       0       0
      Temps:          2       0       0       0       0       0
      Totals:         2       7       0       0       0       0
Total ram usage:        9 bytes
 Hardware stack levels used:    1
 Hardware stack levels required when called:    1
 This function calls:
		_readColumn
 This function is called by:
		_timer_vInterrupt
		_KEYPAD_bUpdateBuffer
 This function uses a non-reentrant model


 *************** function _readColumn *****************
 Defined at:
		line 350 in file "keypad.c"
 Parameters:    Size  Location     Type
		None
 Auto vars:     Size  Location     Type
  u16PinMap       2    5[COMMON] unsigned int 
  u8Col           1    7[COMMON] unsigned char 
  u8Port          1    4[COMMON] unsigned char 
  portB           1    3[COMMON] unsigned char 
  portA           1    2[COMMON] unsigned char 
 Return value:  Size  Location     Type
                  1    wreg      unsigned char 
 Registers used:
		wreg, fsr0l, fsr0h, fsr1l, fsr1h, status,2, status,0
 Tracked objects:
		On entry : 
		On exit  : 
		Unchanged: 
 Data sizes:     COMMON   BANK0   BANK1   BANK2   BANK3   BANK4
      Params:         0       0       0       0       0       0
      Locals:         6       0       0       0       0       0
      Temps:          2       0       0       0       0       0
      Totals:         8       0       0       0       0       0
Total ram usage:        8 bytes
 Hardware stack levels used:    1
 This function calls:
		Nothing
 This function is called by:
		_KEYPAD_u8Read
 This function uses a non-reentrant model


 *************** function _I2C_vSlaveIsrSSP1 *****************
 Defined at:
		line 492 in file "i2cUtil.c"
 Parameters:    Size  Location     Type
		None
 Auto vars:     Size  Location     Type
		None
 Return value:  Size  Location     Type
                  1    wreg      void 
 Registers used:
		wreg, fsr0l, fsr0h, fsr1l, fsr1h, status,2, status,0, pclath, cstack
 Tracked objects:
		On entry : 
		On exit  : 
		Unchanged: 
 Data sizes:     COMMON   BANK0   BANK1   BANK2   BANK3   BANK4
      Params:         0       0       0       0       0       0
      Locals:         0       0       0       0       0       0
      Temps:          0       2       0       0       0       0
      Totals:         0       2       0       0       0       0
Total ram usage:        2 bytes
 Hardware stack levels used:    1
 Hardware stack levels required when called:    4
 This function calls:
		_ssp1_vCallback
		_vDmyCallback
 This function is called by:
		_ISR
 This function uses a non-reentrant model


 *************** function _ssp1_vCallback *****************
 Defined at:
		line 631 in file "InterfaceMain.c"
 Parameters:    Size  Location     Type
  u8BusNo         1    8[BANK0 ] unsigned char 
  u8EvtType       1    9[BANK0 ] unsigned char 
 Auto vars:     Size  Location     Type
  u8Data          1    0        unsigned char 
 Return value:  Size  Location     Type
                  1    wreg      void 
 Registers used:
		wreg, fsr0l, fsr0h, fsr1l, fsr1h, status,2, status,0, pclath, cstack
 Tracked objects:
		On entry : 
		On exit  : 
		Unchanged: 
 Data sizes:     COMMON   BANK0   BANK1   BANK2   BANK3   BANK4
      Params:         0       2       0       0       0       0
      Locals:         0       1       0       0       0       0
      Temps:          0       2       0       0       0       0
      Totals:         0       5       0       0       0       0
Total ram usage:        5 bytes
 Hardware stack levels used:    1
 Hardware stack levels required when called:    3
 This function calls:
		_ssp1_u8ReadData
		_ssp1_vWriteData
 This function is called by:
		_main
		_I2C_vSlaveIsrSSP1
 This function uses a non-reentrant model


 *************** function _vDmyCallback *****************
 Defined at:
		line 636 in file "i2cUtil.c"
 Parameters:    Size  Location     Type
  u8BusNo         1    8[BANK0 ] unsigned char 
  u8EvtType       1    9[BANK0 ] unsigned char 
 Auto vars:     Size  Location     Type
		None
 Return value:  Size  Location     Type
                  1    wreg      void 
 Registers used:
		None
 Tracked objects:
		On entry : 
		On exit  : 
		Unchanged: 
 Data sizes:     COMMON   BANK0   BANK1   BANK2   BANK3   BANK4
      Params:         0       2       0       0       0       0
      Locals:         0       0       0       0       0       0
      Temps:          0       0       0       0       0       0
      Totals:         0       2       0       0       0       0
Total ram usage:        2 bytes
 Hardware stack levels used:    1
 This function calls:
		Nothing
 This function is called by:
		_I2C_vSlaveIsrSSP2
		_I2C_vSlaveIsrSSP1
 This function uses a non-reentrant model


 *************** function _ssp1_vWriteData *****************
 Defined at:
		line 683 in file "InterfaceMain.c"
 Parameters:    Size  Location     Type
  u8Data          1    wreg     unsigned char 
 Auto vars:     Size  Location     Type
  u8Data          1    7[BANK0 ] unsigned char 
  u8Addr          1    6[BANK0 ] unsigned char 
 Return value:  Size  Location     Type
                  1    wreg      void 
 Registers used:
		wreg, fsr0l, fsr0h, fsr1l, fsr1h, status,2, status,0, pclath, cstack
 Tracked objects:
		On entry : 
		On exit  : 
		Unchanged: 
 Data sizes:     COMMON   BANK0   BANK1   BANK2   BANK3   BANK4
      Params:         0       0       0       0       0       0
      Locals:         0       2       0       0       0       0
      Temps:          0       6       0       0       0       0
      Totals:         0       8       0       0       0       0
Total ram usage:        8 bytes
 Hardware stack levels used:    1
 Hardware stack levels required when called:    2
 This function calls:
		_evt_vSetDrawEvent
		_evt_vSetEventMap
		i1_memset
 This function is called by:
		_ssp1_vCallback
 This function uses a non-reentrant model


 *************** function i1_memset *****************
 Defined at:
		line 4 in file "C:\Program Files (x86)\Microchip\xc8\v2.05\pic\sources\c99\common\memset.c"
 Parameters:    Size  Location     Type
  dest            2    0[COMMON] PTR void 
		 -> main@keypadSts(27), sMemoryMap(167), 
  c               2    2[COMMON] int 
  n               2    4[COMMON] unsigned int 
 Auto vars:     Size  Location     Type
  memset          2   12[COMMON] PTR unsigned char 
		 -> main@keypadSts(27), sMemoryMap(167), 
  memset          2   10[COMMON] unsigned int 
 Return value:  Size  Location     Type
                  2    0[COMMON] PTR void 
 Registers used:
		wreg, fsr1l, fsr1h, status,2, status,0
 Tracked objects:
		On entry : 
		On exit  : 
		Unchanged: 
 Data sizes:     COMMON   BANK0   BANK1   BANK2   BANK3   BANK4
      Params:         6       0       0       0       0       0
      Locals:         4       0       0       0       0       0
      Temps:          4       0       0       0       0       0
      Totals:        14       0       0       0       0       0
Total ram usage:       14 bytes
 Hardware stack levels used:    1
 This function calls:
		Nothing
 This function is called by:
		_ssp1_vWriteData
 This function uses a non-reentrant model


 *************** function _evt_vSetDrawEvent *****************
 Defined at:
		line 365 in file "InterfaceMain.c"
 Parameters:    Size  Location     Type
  u8Addr          1    wreg     unsigned char 
 Auto vars:     Size  Location     Type
  u8Addr          1    2[COMMON] unsigned char 
 Return value:  Size  Location     Type
                  1    wreg      void 
 Registers used:
		wreg, fsr1l, fsr1h, status,2, status,0, pclath, cstack
 Tracked objects:
		On entry : 
		On exit  : 
		Unchanged: 
 Data sizes:     COMMON   BANK0   BANK1   BANK2   BANK3   BANK4
      Params:         0       0       0       0       0       0
      Locals:         1       0       0       0       0       0
      Temps:          0       0       0       0       0       0
      Totals:         1       0       0       0       0       0
Total ram usage:        1 bytes
 Hardware stack levels used:    1
 Hardware stack levels required when called:    1
 This function calls:
		_evt_vSetEventMap
 This function is called by:
		_ssp1_vWriteData
 This function uses a non-reentrant model


 *************** function _evt_vSetEventMap *****************
 Defined at:
		line 346 in file "InterfaceMain.c"
 Parameters:    Size  Location     Type
  eEvtType        1    wreg     enum E3076
 Auto vars:     Size  Location     Type
  eEvtType        1    1[COMMON] enum E3076
 Return value:  Size  Location     Type
                  1    wreg      void 
 Registers used:
		wreg, fsr1l, fsr1h, status,2, status,0
 Tracked objects:
		On entry : 
		On exit  : 
		Unchanged: 
 Data sizes:     COMMON   BANK0   BANK1   BANK2   BANK3   BANK4
      Params:         0       0       0       0       0       0
      Locals:         1       0       0       0       0       0
      Temps:          1       0       0       0       0       0
      Totals:         2       0       0       0       0       0
Total ram usage:        2 bytes
 Hardware stack levels used:    1
 This function calls:
		Nothing
 This function is called by:
		_evt_vSetDrawEvent
		_timer_vInterrupt
		_ssp1_vWriteData
 This function uses a non-reentrant model


 *************** function _ssp1_u8ReadData *****************
 Defined at:
		line 885 in file "InterfaceMain.c"
 Parameters:    Size  Location     Type
		None
 Auto vars:     Size  Location     Type
  u8Addr          1    6[COMMON] unsigned char 
  u8Data          1    5[COMMON] unsigned char 
 Return value:  Size  Location     Type
                  1    wreg      unsigned char 
 Registers used:
		wreg, fsr0l, fsr0h, fsr1l, fsr1h, status,2, status,0
 Tracked objects:
		On entry : 
		On exit  : 
		Unchanged: 
 Data sizes:     COMMON   BANK0   BANK1   BANK2   BANK3   BANK4
      Params:         0       0       0       0       0       0
      Locals:         2       0       0       0       0       0
      Temps:          5       0       0       0       0       0
      Totals:         7       0       0       0       0       0
Total ram usage:        7 bytes
 Hardware stack levels used:    1
 This function calls:
		Nothing
 This function is called by:
		_ssp1_vCallback
 This function uses a non-reentrant model



MODULE INFORMATION

Module		Function		Class		Link	Load	Size
C:\Program Files (x86)\Microchip\xc8\v2.05\pic\sources\c99\common\awmod.c
		___awmod       		CODE           	0759	0000	71

C:\Program Files (x86)\Microchip\xc8\v2.05\pic\sources\c99\common\awmod.c estimated size: 71

keypad.c
		_KEYPAD_vInit  		CODE           	0E52	0000	56
		_KEYPAD_u8Read 		CODE           	02DD	0000	206
		_readColumn    		CODE           	0FBB	0000	70
		_KEYPAD_bUpdateBuffer		CODE           	0EFB	0000	63

keypad.c estimated size: 395

i2cUtil.c
		_vDmyCallback  		CODE           	0003	0000	2
		_I2C_u8MstStartSSP2		CODE           	0CD6	0000	30
		_vMasterWaitSSP2		CODE           	0C23	0000	9
		_I2C_vSlaveIsrSSP1		CODE           	0DF3	0000	48
		_I2C_vMstStopSSP2		CODE           	0C0D	0000	8
		_I2C_u8MstTxSSP2		CODE           	0C33	0000	11
		_I2C_vInitMasterSSP2		CODE           	0C8F	0000	22
		_I2C_vInitSlaveSSP1		CODE           	0D76	0000	39

i2cUtil.c estimated size: 169

C:\Program Files (x86)\Microchip\xc8\v2.05\pic\sources\c99\common\awdiv.c
		___awdiv       		CODE           	0678	0000	83

C:\Program Files (x86)\Microchip\xc8\v2.05\pic\sources\c99\common\awdiv.c estimated size: 83

C:\Program Files (x86)\Microchip\xc8\v2.05\pic\sources\c99\common\memset.c
		_memset        		CODE           	03AA	0000	189

C:\Program Files (x86)\Microchip\xc8\v2.05\pic\sources\c99\common\memset.c estimated size: 189

C:\Program Files (x86)\Microchip\xc8\v2.05\pic\sources\c99\common\Umul8.c
		___bmul        		CODE           	0C7D	0000	19

C:\Program Files (x86)\Microchip\xc8\v2.05\pic\sources\c99\common\Umul8.c estimated size: 19

shared
		i1_criticalSec_vBegin		CODE           	0C06	0000	8
		i1_criticalSec_vEnd		CODE           	0C1B	0000	9
		__initialization		CODE           	000F	0000	41
		i1_memset      		CODE           	0466	0000	188

shared estimated size: 246

C:\Program Files (x86)\Microchip\xc8\v2.05\pic\sources\c99\common\Umul16.c
		___wmul        		CODE           	07E4	0000	29

C:\Program Files (x86)\Microchip\xc8\v2.05\pic\sources\c99\common\Umul16.c estimated size: 29

InterfaceMain.c
		_ssp1_vCallback		CODE           	0E22	0000	49
		_ssp1_vWriteData		CODE           	003B	0000	453
		_lcd_vDrawCGRAM		CODE           	0EC1	0000	59
		_ISR           		CODE           	0004	0000	10
		_lcd_vCursorSetting		CODE           	0CA4	0000	25
		_lcd_vPowerSetting		CODE           	0F39	0000	65
		_evt_vSetEventMap		CODE           	0C61	0000	15
		_main          		CODE           	01FF	0000	223
		_evt_u8GetEventMap		CODE           	0CBC	0000	27
		_lcd_vDarwLine 		CODE           	0F79	0000	67
		_ssp1_u8ReadData		CODE           	0521	0000	154
		_lcd_vDrawCursor		CODE           	0D54	0000	35
		_evt_vSetDrawEvent		CODE           	0C54	0000	14
		_timer_vInterrupt		CODE           	0DC7	0000	45
		_lcd_vDrawIconRAM		CODE           	0D33	0000	34

InterfaceMain.c estimated size: 1275

st7032.c
		_ST7032_vDispSettingSSP2		CODE           	0D12	0000	34
		_vExecCmdEndSSP2		CODE           	0C6F	0000	15
		_ST7032_vInitSSP2		CODE           	05BA	0000	108
		_ST7032_vWriteCGRAMSSP2		CODE           	0625	0000	84
		_ST7032_vWriteDataSSP2		CODE           	06CA	0000	74
		_bSetCursorSSP2		CODE           	0713	0000	71
		_ST7032_vSetContrastSSP2		CODE           	079F	0000	70
		_ST7032_vWriteIconSSP2		CODE           	0E89	0000	57
		_vExecCmdSSP2  		CODE           	0C3D	0000	12
		_ST7032_bSetCursorSSP2		CODE           	0CF3	0000	32

st7032.c estimated size: 557

C:\Program Files (x86)\Microchip\xc8\v2.05\pic\sources\c99\common\memcpy.c
		_memcpy        		CODE           	0D9C	0000	44

C:\Program Files (x86)\Microchip\xc8\v2.05\pic\sources\c99\common\memcpy.c estimated size: 44

libcom.c
		_criticalSec_vBegin		CODE           	0C14	0000	8
		_criticalSec_vEnd		CODE           	0C2B	0000	9

libcom.c estimated size: 17

